zay
cyc
cyc
735
378
735
378
cyc
378
378
474
JYCNB
JYCNB
JYCNB
JYCNB
975
975
72
975
72
975
330
735
975
72
330
975
JYCNB
JYCNB
JYCNB
975
330
975
63
975
JYCNB
JYCNB
JYCNB
JYCNB
JYCNB
JYCNB
JYCNB
JYCNB
JYCNB
JYCNB
330
JYCNB
JYCNB
JYCNB
JYCNB
JYCNB
JYCNB
JYCNB
JYCNB
JYCNB
JYCNB
JYCNB
JYCNB
JYCNB
JYCNB
JYCNB
JYCNB
JYCNB
JYCNB
JYCNB
JYCNB
JYCNB
JYCNB
JYCNB
JYCNB
JYCNB
JYCNB
JYCNB
JYCNB
JYCNB
JYCNB
JYCNB
JYCNB
JYCNB
JYCNB
JYCNB
JYCNB
JYCNB
JYCNB
JYCNB
JYCNB
JYCNB
JYCNB
JYCNB
JYCNB
JYCNB
JYCNB
JYCNB
JYCNB
JYCNB
JYCNB
JYCNB
JYCNB
JYCNB
JYCNB
JYCNB
JYCNB
JYCNB
JYCNB
JYCNB
JYCNB
JYCNB
778
778
975
975
975
975
48
975
975
JYCNB
63
JYCNB
JYCNB
JYCNB
JYCNB
48
JYCNB
JYCNB
JYCNB
JYCNB
JYCNB
JYCNB
JYCNB
JYCNB
JYCNB
JYCNB
JYCNB
JYCNB
JYCNB
JYCNB
JYCNB
JYCNB
JYCNB
JYCNB
JYCNB
JYCNB
JYCNB
JYCNB
JYCNB
JYCNB
JYCNB
JYCNB
JYCNB
JYCNB
JYCNB
JYCNB
JYCNB
JYCNB
JYCNB
JYCNB
JYCNB
JYCNB
JYCNB
JYCNB
JYCNB
JYCNB
JYCNB
JYCNB
JYCNB
JYCNB
JYCNB
JYCNB
JYCNB
JYCNB
JYCNB
JYCNB
JYCNB
JYCNB
JYCNB
JYCNB
JYCNB
JYCNB
JYCNB
JYCNB
JYCNB
JYCNB
JYCNB
JYCNB
JYCNB
JYCNB
JYCNB
JYCNB
JYCNB
JYCNB
JYCNB
JYCNB
JYCNB
JYCNB
JYCNB
JYCNB
JYCNB
JYCNB
JYCNB
JYCNB
JYCNB
JYCNB
JYCNB
JYCNB
JYCNB
JYCNB
JYCNB
JYCNB
JYCNB
JYCNB
JYCNB
JYCNB
JYCNB
JYCNB
JYCNB
JYCNB
JYCNB
JYCNB
JYCNB
JYCNB
JYCNB
JYCNB
JYCNB
JYCNB
JYCNB
JYCNB
JYCNB
JYCNB
JYCNB
JYCNB
JYCNB
JYCNB
JYCNB
JYCNB
JYCNB
JYCNB
JYCNB
JYCNB
JYCNB
JYCNB
JYCNB
JYCNB
JYCNB
JYCNB
JYCNB
JYCNB
JYCNB
JYCNB
JYCNB
JYCNB
JYCNB
JYCNB
JYCNB
JYCNB
JYCNB
JYCNB
JYCNB
JYCNB
JYCNB
JYCNB
JYCNB
JYCNB
JYCNB
JYCNB
JYCNB
JYCNB
JYCNB
JYCNB
JYCNB
JYCNB
JYCNB
JYCNB
JYCNB
JYCNB
JYCNB
JYCNB
JYCNB
JYCNB
63
JYCNB
JYCNB
JYCNB
JYCNB
JYCNB
JYCNB
JYCNB
JYCNB
JYCNB
JYCNB
JYCNB
JYCNB
JYCNB
JYCNB
JYCNB
JYCNB
JYCNB
JYCNB
JYCNB
JYCNB
JYCNB
JYCNB
JYCNB
JYCNB
JYCNB
JYCNB
JYCNB
JYCNB
JYCNB
JYCNB
JYCNB
JYCNB
JYCNB
JYCNB
JYCNB
JYCNB
JYCNB
JYCNB
JYCNB
JYCNB
JYCNB
JYCNB
JYCNB
JYCNB
JYCNB
JYCNB
JYCNB
JYCNB
JYCNB
JYCNB
JYCNB
JYCNB
JYCNB
JYCNB
JYCNB
JYCNB
JYCNB
JYCNB
JYCNB
JYCNB
JYCNB
JYCNB
JYCNB
JYCNB
JYCNB
JYCNB
JYCNB
JYCNB
JYCNB
JYCNB
JYCNB
JYCNB
JYCNB
JYCNB
JYCNB
JYCNB
JYCNB
JYCNB
JYCNB
JYCNB
JYCNB
JYCNB
JYCNB
JYCNB
JYCNB
JYCNB
JYCNB
JYCNB
JYCNB
JYCNB
JYCNB
JYCNB
JYCNB
JYCNB
JYCNB
JYCNB
JYCNB
JYCNB
JYCNB
JYCNB
JYCNB
JYCNB
JYCNB
JYCNB
JYCNB
JYCNB
JYCNB
JYCNB
JYCNB
JYCNB
JYCNB
JYCNB
JYCNB
JYCNB
JYCNB
JYCNB
JYCNB
JYCNB
JYCNB
JYCNB
JYCNB
JYCNB
JYCNB
JYCNB
JYCNB
JYCNB
JYCNB
JYCNB
JYCNB
JYCNB
JYCNB
JYCNB
JYCNB
JYCNB
JYCNB
JYCNB
JYCNB
JYCNB
JYCNB
JYCNB
JYCNB
JYCNB
JYCNB
JYCNB
JYCNB
JYCNB
JYCNB
JYCNB
JYCNB
JYCNB
JYCNB
JYCNB
JYCNB
JYCNB
JYCNB
JYCNB
JYCNB
JYCNB
JYCNB
JYCNB
JYCNB
JYCNB
JYCNB
JYCNB
JYCNB
JYCNB
JYCNB
JYCNB
JYCNB
JYCNB
JYCNB
JYCNB
JYCNB
JYCNB
JYCNB
JYCNB
JYCNB
JYCNB
JYCNB
JYCNB
JYCNB
JYCNB
JYCNB
JYCNB
JYCNB
JYCNB
JYCNB
JYCNB
JYCNB
JYCNB
JYCNB
JYCNB
JYCNB
JYCNB
JYCNB
JYCNB
JYCNB
JYCNB
JYCNB
JYCNB
JYCNB
JYCNB
JYCNB
JYCNB
JYCNB
JYCNB
JYCNB
JYCNB
JYCNB
JYCNB
JYCNB
JYCNB
JYCNB
JYCNB
JYCNB
JYCNB
JYCNB
JYCNB
JYCNB
JYCNB
JYCNB
JYCNB
JYCNB
JYCNB
JYCNB
JYCNB
JYCNB
JYCNB
JYCNB
JYCNB
JYCNB
JYCNB
JYCNB
JYCNB
JYCNB
JYCNB
JYCNB
JYCNB
JYCNB
JYCNB
JYCNB
JYCNB
JYCNB
JYCNB
JYCNB
JYCNB
JYCNB
JYCNB
JYCNB
JYCNB
JYCNB
JYCNB
JYCNB
JYCNB
JYCNB
JYCNB
JYCNB
JYCNB
JYCNB
JYCNB
JYCNB
JYCNB
JYCNB
JYCNB
JYCNB
JYCNB
JYCNB
JYCNB
JYCNB
JYCNB
JYCNB
JYCNB
JYCNB
JYCNB
JYCNB
JYCNB
JYCNB
JYCNB
JYCNB
JYCNB
JYCNB
JYCNB
JYCNB
JYCNB
JYCNB
JYCNB
JYCNB
JYCNB
JYCNB
JYCNB
JYCNB
JYCNB
JYCNB
JYCNB
JYCNB
JYCNB
JYCNB
JYCNB
JYCNB
JYCNB
JYCNB
JYCNB
JYCNB
JYCNB
JYCNB
JYCNB
JYCNB
JYCNB
JYCNB
JYCNB
JYCNB
JYCNB
JYCNB
JYCNB
JYCNB
JYCNB
JYCNB
JYCNB
JYCNB
JYCNB
JYCNB
JYCNB
JYCNB
JYCNB
JYCNB
JYCNB
JYCNB
JYCNB
JYCNB
JYCNB
JYCNB
JYCNB
JYCNB
JYCNB
JYCNB
JYCNB
JYCNB
JYCNB
JYCNB
JYCNB
JYCNB
JYCNB
JYCNB
JYCNB
JYCNB
JYCNB
JYCNB
JYCNB
JYCNB
JYCNB
JYCNB
JYCNB
JYCNB
JYCNB
JYCNB
JYCNB
JYCNB
JYCNB
JYCNB
JYCNB
JYCNB
JYCNB
JYCNB
JYCNB
JYCNB
JYCNB
JYCNB
JYCNB
JYCNB
JYCNB
JYCNB
JYCNB
JYCNB
JYCNB
JYCNB
JYCNB
JYCNB
JYCNB
JYCNB
JYCNB
JYCNB
JYCNB
JYCNB
JYCNB
JYCNB
JYCNB
JYCNB
JYCNB
JYCNB
JYCNB
JYCNB
JYCNB
JYCNB
JYCNB
JYCNB
JYCNB
JYCNB
JYCNB
JYCNB
JYCNB
JYCNB
JYCNB
JYCNB
JYCNB
JYCNB
JYCNB
JYCNB
JYCNB
JYCNB
JYCNB
JYCNB
JYCNB
JYCNB
JYCNB
JYCNB
JYCNB
JYCNB
JYCNB
JYCNB
JYCNB
JYCNB
JYCNB
JYCNB
JYCNB
JYCNB
JYCNB
JYCNB
JYCNB
JYCNB
JYCNB
JYCNB
JYCNB
JYCNB
JYCNB
JYCNB
JYCNB
JYCNB
JYCNB
JYCNB
JYCNB
627
JYCNB
JYCNB
JYCNB
JYCNB
JYCNB
JYCNB
JYCNB
JYCNB
JYCNB
JYCNB
JYCNB
JYCNB
JYCNB
JYCNB
JYCNB
JYCNB
JYCNB
JYCNB
JYCNB
JYCNB
JYCNB
JYCNB
JYCNB
JYCNB
JYCNB
JYCNB
JYCNB
JYCNB
JYCNB
JYCNB
JYCNB
JYCNB
JYCNB
JYCNB
JYCNB
JYCNB
JYCNB
JYCNB
JYCNB
JYCNB
JYCNB
JYCNB
JYCNB
JYCNB
JYCNB
JYCNB
JYCNB
JYCNB
JYCNB
JYCNB
JYCNB
JYCNB
JYCNB
JYCNB
JYCNB
JYCNB
JYCNB
JYCNB
JYCNB
JYCNB
JYCNB
JYCNB
JYCNB
JYCNB
JYCNB
JYCNB
JYCNB
JYCNB
JYCNB
JYCNB
JYCNB
JYCNB
JYCNB
JYCNB
JYCNB
JYCNB
JYCNB
JYCNB
JYCNB
JYCNB
JYCNB
JYCNB
JYCNB
JYCNB
JYCNB
JYCNB
JYCNB
JYCNB
JYCNB
JYCNB
JYCNB
JYCNB
JYCNB
JYCNB
JYCNB
JYCNB
JYCNB
JYCNB
JYCNB
JYCNB
JYCNB
JYCNB
JYCNB
JYCNB
JYCNB
JYCNB
JYCNB
JYCNB
JYCNB
JYCNB
JYCNB
JYCNB
JYCNB
JYCNB
JYCNB
JYCNB
JYCNB
JYCNB
JYCNB
JYCNB
JYCNB
JYCNB
JYCNB
JYCNB
JYCNB
JYCNB
JYCNB
JYCNB
JYCNB
JYCNB
JYCNB
JYCNB
JYCNB
JYCNB
JYCNB
JYCNB
JYCNB
JYCNB
JYCNB
JYCNB
JYCNB
JYCNB
JYCNB
JYCNB
JYCNB
JYCNB
JYCNB
JYCNB
JYCNB
JYCNB
JYCNB
JYCNB
JYCNB
JYCNB
JYCNB
JYCNB
JYCNB
JYCNB
JYCNB
JYCNB
JYCNB
JYCNB
JYCNB
JYCNB
JYCNB
JYCNB
JYCNB
JYCNB
JYCNB
JYCNB
JYCNB
JYCNB
JYCNB
JYCNB
JYCNB
JYCNB
JYCNB
JYCNB
JYCNB
JYCNB
JYCNB
JYCNB
JYCNB
JYCNB
JYCNB
JYCNB
JYCNB
JYCNB
JYCNB
JYCNB
JYCNB
JYCNB
975
JYCNB
975
48
JYCNB
JYCNB
JYCNB
JYCNB
JYCNB
JYCNB
JYCNB
JYCNB
JYCNB
JYCNB
JYCNB
JYCNB
JYCNB
JYCNB
JYCNB
JYCNB
JYCNB
JYCNB
JYCNB
JYCNB
JYCNB
JYCNB
JYCNB
JYCNB
JYCNB
JYCNB
JYCNB
JYCNB
JYCNB
JYCNB
JYCNB
63
JYCNB
48
JYCNB
JYCNB
JYCNB
JYCNB
JYCNB
JYCNB
JYCNB
JYCNB
JYCNB
JYCNB
JYCNB
JYCNB
JYCNB
JYCNB
JYCNB
JYCNB
JYCNB
JYCNB
JYCNB
